Archive member included to satisfy reference by file (symbol)

F:/Knowledge_Update/STM32CubeIDE_1.19.0/STM32CubeIDE/plugins/com.st.stm32cube.ide.mcu.externaltools.gnu-tools-for-stm32.13.3.rel1.win32_1.0.0.202411081344/tools/bin/../lib/gcc/arm-none-eabi/13.3.1/../../../../arm-none-eabi/lib/thumb/v7e-m+fp/hard\libc_nano.a(libc_a-exit.o)
                              F:/Knowledge_Update/STM32CubeIDE_1.19.0/STM32CubeIDE/plugins/com.st.stm32cube.ide.mcu.externaltools.gnu-tools-for-stm32.13.3.rel1.win32_1.0.0.202411081344/tools/bin/../lib/gcc/arm-none-eabi/13.3.1/../../../../arm-none-eabi/lib/thumb/v7e-m+fp/hard/crt0.o (exit)
F:/Knowledge_Update/STM32CubeIDE_1.19.0/STM32CubeIDE/plugins/com.st.stm32cube.ide.mcu.externaltools.gnu-tools-for-stm32.13.3.rel1.win32_1.0.0.202411081344/tools/bin/../lib/gcc/arm-none-eabi/13.3.1/../../../../arm-none-eabi/lib/thumb/v7e-m+fp/hard\libc_nano.a(libc_a-findfp.o)
                              F:/Knowledge_Update/STM32CubeIDE_1.19.0/STM32CubeIDE/plugins/com.st.stm32cube.ide.mcu.externaltools.gnu-tools-for-stm32.13.3.rel1.win32_1.0.0.202411081344/tools/bin/../lib/gcc/arm-none-eabi/13.3.1/../../../../arm-none-eabi/lib/thumb/v7e-m+fp/hard\libc_nano.a(libc_a-exit.o) (__stdio_exit_handler)
F:/Knowledge_Update/STM32CubeIDE_1.19.0/STM32CubeIDE/plugins/com.st.stm32cube.ide.mcu.externaltools.gnu-tools-for-stm32.13.3.rel1.win32_1.0.0.202411081344/tools/bin/../lib/gcc/arm-none-eabi/13.3.1/../../../../arm-none-eabi/lib/thumb/v7e-m+fp/hard\libc_nano.a(libc_a-fwalk.o)
                              F:/Knowledge_Update/STM32CubeIDE_1.19.0/STM32CubeIDE/plugins/com.st.stm32cube.ide.mcu.externaltools.gnu-tools-for-stm32.13.3.rel1.win32_1.0.0.202411081344/tools/bin/../lib/gcc/arm-none-eabi/13.3.1/../../../../arm-none-eabi/lib/thumb/v7e-m+fp/hard\libc_nano.a(libc_a-findfp.o) (_fwalk_sglue)
F:/Knowledge_Update/STM32CubeIDE_1.19.0/STM32CubeIDE/plugins/com.st.stm32cube.ide.mcu.externaltools.gnu-tools-for-stm32.13.3.rel1.win32_1.0.0.202411081344/tools/bin/../lib/gcc/arm-none-eabi/13.3.1/../../../../arm-none-eabi/lib/thumb/v7e-m+fp/hard\libc_nano.a(libc_a-printf.o)
                              ./Src/main.o (printf)
F:/Knowledge_Update/STM32CubeIDE_1.19.0/STM32CubeIDE/plugins/com.st.stm32cube.ide.mcu.externaltools.gnu-tools-for-stm32.13.3.rel1.win32_1.0.0.202411081344/tools/bin/../lib/gcc/arm-none-eabi/13.3.1/../../../../arm-none-eabi/lib/thumb/v7e-m+fp/hard\libc_nano.a(libc_a-stdio.o)
                              F:/Knowledge_Update/STM32CubeIDE_1.19.0/STM32CubeIDE/plugins/com.st.stm32cube.ide.mcu.externaltools.gnu-tools-for-stm32.13.3.rel1.win32_1.0.0.202411081344/tools/bin/../lib/gcc/arm-none-eabi/13.3.1/../../../../arm-none-eabi/lib/thumb/v7e-m+fp/hard\libc_nano.a(libc_a-findfp.o) (__sread)
F:/Knowledge_Update/STM32CubeIDE_1.19.0/STM32CubeIDE/plugins/com.st.stm32cube.ide.mcu.externaltools.gnu-tools-for-stm32.13.3.rel1.win32_1.0.0.202411081344/tools/bin/../lib/gcc/arm-none-eabi/13.3.1/../../../../arm-none-eabi/lib/thumb/v7e-m+fp/hard\libc_nano.a(libc_a-memset.o)
                              F:/Knowledge_Update/STM32CubeIDE_1.19.0/STM32CubeIDE/plugins/com.st.stm32cube.ide.mcu.externaltools.gnu-tools-for-stm32.13.3.rel1.win32_1.0.0.202411081344/tools/bin/../lib/gcc/arm-none-eabi/13.3.1/../../../../arm-none-eabi/lib/thumb/v7e-m+fp/hard/crt0.o (memset)
F:/Knowledge_Update/STM32CubeIDE_1.19.0/STM32CubeIDE/plugins/com.st.stm32cube.ide.mcu.externaltools.gnu-tools-for-stm32.13.3.rel1.win32_1.0.0.202411081344/tools/bin/../lib/gcc/arm-none-eabi/13.3.1/../../../../arm-none-eabi/lib/thumb/v7e-m+fp/hard\libc_nano.a(libc_a-closer.o)
                              F:/Knowledge_Update/STM32CubeIDE_1.19.0/STM32CubeIDE/plugins/com.st.stm32cube.ide.mcu.externaltools.gnu-tools-for-stm32.13.3.rel1.win32_1.0.0.202411081344/tools/bin/../lib/gcc/arm-none-eabi/13.3.1/../../../../arm-none-eabi/lib/thumb/v7e-m+fp/hard\libc_nano.a(libc_a-stdio.o) (_close_r)
F:/Knowledge_Update/STM32CubeIDE_1.19.0/STM32CubeIDE/plugins/com.st.stm32cube.ide.mcu.externaltools.gnu-tools-for-stm32.13.3.rel1.win32_1.0.0.202411081344/tools/bin/../lib/gcc/arm-none-eabi/13.3.1/../../../../arm-none-eabi/lib/thumb/v7e-m+fp/hard\libc_nano.a(libc_a-reent.o)
                              F:/Knowledge_Update/STM32CubeIDE_1.19.0/STM32CubeIDE/plugins/com.st.stm32cube.ide.mcu.externaltools.gnu-tools-for-stm32.13.3.rel1.win32_1.0.0.202411081344/tools/bin/../lib/gcc/arm-none-eabi/13.3.1/../../../../arm-none-eabi/lib/thumb/v7e-m+fp/hard\libc_nano.a(libc_a-closer.o) (errno)
F:/Knowledge_Update/STM32CubeIDE_1.19.0/STM32CubeIDE/plugins/com.st.stm32cube.ide.mcu.externaltools.gnu-tools-for-stm32.13.3.rel1.win32_1.0.0.202411081344/tools/bin/../lib/gcc/arm-none-eabi/13.3.1/../../../../arm-none-eabi/lib/thumb/v7e-m+fp/hard\libc_nano.a(libc_a-impure.o)
[...]
Memory Configuration

Name             Origin             Length             Attributes
RAM              0x20000000         0x00020000         xrw
FLASH            0x08000000         0x00080000         xr
*default*        0x00000000         0xffffffff

Linker script and memory map

LOAD F:/Knowledge_Update/STM32CubeIDE_1.19.0/STM32CubeIDE/plugins/com.st.stm32cube.ide.mcu.externaltools.gnu-tools-for-stm32.13.3.rel1.win32_1.0.0.202411081344/tools/bin/../lib/gcc/arm-none-eabi/13.3.1/thumb/v7e-m+fp/hard/crti.o
LOAD F:/Knowledge_Update/STM32CubeIDE_1.19.0/STM32CubeIDE/plugins/com.st.stm32cube.ide.mcu.externaltools.gnu-tools-for-stm32.13.3.rel1.win32_1.0.0.202411081344/tools/bin/../lib/gcc/arm-none-eabi/13.3.1/thumb/v7e-m+fp/hard/crtbegin.o
LOAD F:/Knowledge_Update/STM32CubeIDE_1.19.0/STM32CubeIDE/plugins/com.st.stm32cube.ide.mcu.externaltools.gnu-tools-for-stm32.13.3.rel1.win32_1.0.0.202411081344/tools/bin/../lib/gcc/arm-none-eabi/13.3.1/../../../../arm-none-eabi/lib/thumb/v7e-m+fp/hard/crt0.o
LOAD ./Src/led.o
LOAD ./Src/main.o
LOAD ./Src/osKernel.o
LOAD ./Src/syscalls.o
LOAD ./Src/sysmem.o
LOAD ./Src/timebase.o
LOAD ./Src/uart.o
LOAD ./Startup/startup_stm32f446retx.o
START GROUP
LOAD F:/Knowledge_Update/STM32CubeIDE_1.19.0/STM32CubeIDE/plugins/com.st.stm32cube.ide.mcu.externaltools.gnu-tools-for-stm32.13.3.rel1.win32_1.0.0.202411081344/tools/bin/../lib/gcc/arm-none-eabi/13.3.1/../../../../arm-none-eabi/lib/thumb/v7e-m+fp/hard\libc_nano.a
LOAD F:/Knowledge_Update/STM32CubeIDE_1.19.0/STM32CubeIDE/plugins/com.st.stm32cube.ide.mcu.externaltools.gnu-tools-for-stm32.13.3.rel1.win32_1.0.0.202411081344/tools/bin/../lib/gcc/arm-none-eabi/13.3.1/../../../../arm-none-eabi/lib/thumb/v7e-m+fp/hard\libm.a
END GROUP
START GROUP
LOAD F:/Knowledge_Update/STM32CubeIDE_1.19.0/STM32CubeIDE/plugins/com.st.stm32cube.ide.mcu.externaltools.gnu-tools-for-stm32.13.3.rel1.win32_1.0.0.202411081344/tools/bin/../lib/gcc/arm-none-eabi/13.3.1/thumb/v7e-m+fp/hard\libgcc.a
LOAD F:/Knowledge_Update/STM32CubeIDE_1.19.0/STM32CubeIDE/plugins/com.st.stm32cube.ide.mcu.externaltools.gnu-tools-for-stm32.13.3.rel1.win32_1.0.0.202411081344/tools/bin/../lib/gcc/arm-none-eabi/13.3.1/../../../../arm-none-eabi/lib/thumb/v7e-m+fp/hard\libc_nano.a
END GROUP
START GROUP
LOAD F:/Knowledge_Update/STM32CubeIDE_1.19.0/STM32CubeIDE/plugins/com.st.stm32cube.ide.mcu.externaltools.gnu-tools-for-stm32.13.3.rel1.win32_1.0.0.202411081344/tools/bin/../lib/gcc/arm-none-eabi/13.3.1/thumb/v7e-m+fp/hard\libgcc.a
LOAD F:/Knowledge_Update/STM32CubeIDE_1.19.0/STM32CubeIDE/plugins/com.st.stm32cube.ide.mcu.externaltools.gnu-tools-for-stm32.13.3.rel1.win32_1.0.0.202411081344/tools/bin/../lib/gcc/arm-none-eabi/13.3.1/../../../../arm-none-eabi/lib/thumb/v7e-m+fp/hard\libc_nano.a
LOAD F:/Knowledge_Update/STM32CubeIDE_1.19.0/STM32CubeIDE/plugins/com.st.stm32cube.ide.mcu.externaltools.gnu-tools-for-stm32.13.3.rel1.win32_1.0.0.202411081344/tools/bin/../lib/gcc/arm-none-eabi/13.3.1/../../../../arm-none-eabi/lib/thumb/v7e-m+fp/hard\libnosys.a
END GROUP
START GROUP
LOAD F:/Knowledge_Update/STM32CubeIDE_1.19.0/STM32CubeIDE/plugins/com.st.stm32cube.ide.mcu.externaltools.gnu-tools-for-stm32.13.3.rel1.win32_1.0.0.202411081344/tools/bin/../lib/gcc/arm-none-eabi/13.3.1/thumb/v7e-m+fp/hard\libgcc.a
LOAD F:/Knowledge_Update/STM32CubeIDE_1.19.0/STM32CubeIDE/plugins/com.st.stm32cube.ide.mcu.externaltools.gnu-tools-for-stm32.13.3.rel1.win32_1.0.0.202411081344/tools/bin/../lib/gcc/arm-none-eabi/13.3.1/../../../../arm-none-eabi/lib/thumb/v7e-m+fp/hard\libc_nano.a
LOAD F:/Knowledge_Update/STM32CubeIDE_1.19.0/STM32CubeIDE/plugins/com.st.stm32cube.ide.mcu.externaltools.gnu-tools-for-stm32.13.3.rel1.win32_1.0.0.202411081344/tools/bin/../lib/gcc/arm-none-eabi/13.3.1/../../../../arm-none-eabi/lib/thumb/v7e-m+fp/hard\libnosys.a
END GROUP
LOAD F:/Knowledge_Update/STM32CubeIDE_1.19.0/STM32CubeIDE/plugins/com.st.stm32cube.ide.mcu.externaltools.gnu-tools-for-stm32.13.3.rel1.win32_1.0.0.202411081344/tools/bin/../lib/gcc/arm-none-eabi/13.3.1/thumb/v7e-m+fp/hard/crtend.o
LOAD F:/Knowledge_Update/STM32CubeIDE_1.19.0/STM32CubeIDE/plugins/com.st.stm32cube.ide.mcu.externaltools.gnu-tools-for-stm32.13.3.rel1.win32_1.0.0.202411081344/tools/bin/../lib/gcc/arm-none-eabi/13.3.1/thumb/v7e-m+fp/hard/crtn.o
                0x20020000                        _estack = (ORIGIN (RAM) + LENGTH (RAM))
                0x00000200                        _Min_Heap_Size = 0x200
                0x00000400                        _Min_Stack_Size = 0x400

.isr_vector     0x08000000      0x1c4
                0x08000000                        . = ALIGN (0x4)
 *(.isr_vector)
 .isr_vector    0x08000000      0x1c4 ./Startup/startup_stm32f446retx.o
                0x08000000                g_pfnVectors
                0x080001c4                        . = ALIGN (0x4)

.text           0x080001c4      0x590
                0x080001c4                        . = ALIGN (0x4)
 *(.text)
 .text          0x080001c4       0x40 F:/Knowledge_Update/STM32CubeIDE_1.19.0/STM32CubeIDE/plugins/com.st.stm32cube.ide.mcu.externaltools.gnu-tools-for-stm32.13.3.rel1.win32_1.0.0.202411081344/tools/bin/../lib/gcc/arm-none-eabi/13.3.1/thumb/v7e-m+fp/hard/crtbegin.o
 *(.text*)
 .text.task0    0x08000204       0x1c ./Src/main.o
                0x08000204                task0
 .text.task1    0x08000220       0x14 ./Src/main.o
                0x08000220                task1
 .text.task2    0x08000234       0x14 ./Src/main.o
                0x08000234                task2
 .text.main     0x08000248       0x30 ./Src/main.o
                0x08000248                main
 .text.__NVIC_SetPriority
                0x08000278       0x54 ./Src/osKernel.o
 .text.osKernelStackInit
                0x080002cc      0x1a0 ./Src/osKernel.o
                0x080002cc                osKernelStackInit
 .text.osKernelAddThreads
                0x0800046c       0x74 ./Src/osKernel.o
                0x0800046c                osKernelAddThreads
 .text.osKernelInit
                0x080004e0       0x1c ./Src/osKernel.o
                0x080004e0                osKernelInit
 .text.osSchedulerLaunch
                0x080004fc       0x30 ./Src/osKernel.o
                0x080004fc                osSchedulerLaunch
 .text.osKernelLaunch
                0x0800052c       0x5c ./Src/osKernel.o
                0x0800052c                osKernelLaunch
 .text.SysTick_Handler
                0x08000588       0x24 ./Src/osKernel.o
                0x08000588                SysTick_Handler
 .text.osThreadYeild
                0x080005ac       0x28 ./Src/osKernel.o
                0x080005ac                osThreadYeild
 .text.uart_tx_init
                0x080005d4       0x7c ./Src/uart.o
                0x080005d4                uart_tx_init
 .text.uart_set_baud_rate
                0x08000650       0x28 ./Src/uart.o
 .text.uart_compute_BaudRate
                0x08000678       0x26 ./Src/uart.o
 *fill*         0x0800069e        0x2 
 .text.Reset_Handler
                0x080006a0       0x50 ./Startup/startup_stm32f446retx.o
                0x080006a0                Reset_Handler
 .text.Default_Handler
                0x080006f0        0x2 ./Startup/startup_stm32f446retx.o
                0x080006f0                RTC_Alarm_IRQHandler
                0x080006f0                EXTI2_IRQHandler
                0x080006f0                TIM8_CC_IRQHandler
                0x080006f0                SPDIF_Rx_IRQHandler
                0x080006f0                DebugMon_Handler
                0x080006f0                SPI4_IRQHandler
                0x080006f0                TIM1_CC_IRQHandler
                0x080006f0                QuadSPI_IRQHandler
                0x080006f0                DMA2_Stream5_IRQHandler
                0x080006f0                HardFault_Handler
                0x080006f0                DMA1_Stream5_IRQHandler
                0x080006f0                PVD_IRQHandler
                0x080006f0                SDIO_IRQHandler
                0x080006f0                TAMP_STAMP_IRQHandler
                0x080006f0                PendSV_Handler
                0x080006f0                NMI_Handler
                0x080006f0                CAN2_RX1_IRQHandler
                0x080006f0                EXTI3_IRQHandler
                0x080006f0                TIM8_TRG_COM_TIM14_IRQHandler
                0x080006f0                TIM1_UP_TIM10_IRQHandler
                0x080006f0                FMPI2C1_error_IRQHandler
                0x080006f0                TIM8_UP_TIM13_IRQHandler
                0x080006f0                I2C3_ER_IRQHandler
                0x080006f0                EXTI0_IRQHandler
                0x080006f0                I2C2_EV_IRQHandler
                0x080006f0                DMA1_Stream2_IRQHandler
                0x080006f0                CAN1_RX0_IRQHandler
                0x080006f0                OTG_HS_WKUP_IRQHandler
                0x080006f0                UsageFault_Handler
                0x080006f0                CAN2_SCE_IRQHandler
                0x080006f0                DMA2_Stream2_IRQHandler
                0x080006f0                SPI1_IRQHandler
                0x080006f0                TIM6_DAC_IRQHandler
                0x080006f0                TIM1_BRK_TIM9_IRQHandler
                0x080006f0                DCMI_IRQHandler
                0x080006f0                CAN2_RX0_IRQHandler
                0x080006f0                DMA2_Stream3_IRQHandler
                0x080006f0                FMPI2C1_IRQHandler
                0x080006f0                SAI2_IRQHandler
                0x080006f0                USART6_IRQHandler
                0x080006f0                USART3_IRQHandler
                0x080006f0                CAN1_RX1_IRQHandler
                0x080006f0                UART5_IRQHandler
                0x080006f0                DMA2_Stream0_IRQHandler
                0x080006f0                TIM4_IRQHandler
                0x080006f0                I2C1_EV_IRQHandler
                0x080006f0                HDMI_CEC_IRQHandler
                0x080006f0                DMA1_Stream6_IRQHandler
                0x080006f0                DMA1_Stream1_IRQHandler
                0x080006f0                UART4_IRQHandler
                0x080006f0                TIM3_IRQHandler
                0x080006f0                RCC_IRQHandler
                0x080006f0                TIM8_BRK_TIM12_IRQHandler
                0x080006f0                Default_Handler
                0x080006f0                EXTI15_10_IRQHandler
                0x080006f0                ADC_IRQHandler
                0x080006f0                DMA1_Stream7_IRQHandler
                0x080006f0                TIM7_IRQHandler
                0x080006f0                CAN2_TX_IRQHandler
                0x080006f0                TIM5_IRQHandler
                0x080006f0                DMA2_Stream7_IRQHandler
                0x080006f0                I2C3_EV_IRQHandler
                0x080006f0                EXTI9_5_IRQHandler
                0x080006f0                RTC_WKUP_IRQHandler
                0x080006f0                SPI2_IRQHandler
                0x080006f0                OTG_HS_EP1_IN_IRQHandler
                0x080006f0                MemManage_Handler
                0x080006f0                DMA1_Stream0_IRQHandler
                0x080006f0                CAN1_TX_IRQHandler
                0x080006f0                SVC_Handler
                0x080006f0                EXTI4_IRQHandler
                0x080006f0                OTG_HS_EP1_OUT_IRQHandler
                0x080006f0                WWDG_IRQHandler
                0x080006f0                TIM2_IRQHandler
                0x080006f0                OTG_FS_WKUP_IRQHandler
                0x080006f0                TIM1_TRG_COM_TIM11_IRQHandler
                0x080006f0                OTG_HS_IRQHandler
                0x080006f0                EXTI1_IRQHandler
                0x080006f0                USART2_IRQHandler
                0x080006f0                I2C2_ER_IRQHandler
                0x080006f0                DMA2_Stream1_IRQHandler
                0x080006f0                CAN1_SCE_IRQHandler
                0x080006f0                FLASH_IRQHandler
                0x080006f0                DMA2_Stream4_IRQHandler
                0x080006f0                BusFault_Handler
                0x080006f0                USART1_IRQHandler
                0x080006f0                OTG_FS_IRQHandler
                0x080006f0                SPI3_IRQHandler
                0x080006f0                DMA1_Stream4_IRQHandler
                0x080006f0                I2C1_ER_IRQHandler
                0x080006f0                FMC_IRQHandler
                0x080006f0                DMA2_Stream6_IRQHandler
                0x080006f0                SAI1_IRQHandler
                0x080006f0                DMA1_Stream3_IRQHandler
 *fill*         0x080006f2        0x2 
 .text.__libc_init_array
                0x080006f4       0x48 F:/Knowledge_Update/STM32CubeIDE_1.19.0/STM32CubeIDE/plugins/com.st.stm32cube.ide.mcu.externaltools.gnu-tools-for-stm32.13.3.rel1.win32_1.0.0.202411081344/tools/bin/../lib/gcc/arm-none-eabi/13.3.1/../../../../arm-none-eabi/lib/thumb/v7e-m+fp/hard\libc_nano.a(libc_a-init.o)
                0x080006f4                __libc_init_array
 *(.glue_7)
 .glue_7        0x0800073c        0x0 linker stubs
 *(.glue_7t)
 .glue_7t       0x0800073c        0x0 linker stubs
 *(.eh_frame)
 .eh_frame      0x0800073c        0x0 F:/Knowledge_Update/STM32CubeIDE_1.19.0/STM32CubeIDE/plugins/com.st.stm32cube.ide.mcu.externaltools.gnu-tools-for-stm32.13.3.rel1.win32_1.0.0.202411081344/tools/bin/../lib/gcc/arm-none-eabi/13.3.1/thumb/v7e-m+fp/hard/crtbegin.o
 *(.init)
 .init          0x0800073c        0x4 F:/Knowledge_Update/STM32CubeIDE_1.19.0/STM32CubeIDE/plugins/com.st.stm32cube.ide.mcu.externaltools.gnu-tools-for-stm32.13.3.rel1.win32_1.0.0.202411081344/tools/bin/../lib/gcc/arm-none-eabi/13.3.1/thumb/v7e-m+fp/hard/crti.o
                0x0800073c                _init
 .init          0x08000740        0x8 F:/Knowledge_Update/STM32CubeIDE_1.19.0/STM32CubeIDE/plugins/com.st.stm32cube.ide.mcu.externaltools.gnu-tools-for-stm32.13.3.rel1.win32_1.0.0.202411081344/tools/bin/../lib/gcc/arm-none-eabi/13.3.1/thumb/v7e-m+fp/hard/crtn.o
 *(.fini)
 .fini          0x08000748        0x4 F:/Knowledge_Update/STM32CubeIDE_1.19.0/STM32CubeIDE/plugins/com.st.stm32cube.ide.mcu.externaltools.gnu-tools-for-stm32.13.3.rel1.win32_1.0.0.202411081344/tools/bin/../lib/gcc/arm-none-eabi/13.3.1/thumb/v7e-m+fp/hard/crti.o
                0x08000748                _fini
 .fini          0x0800074c        0x8 F:/Knowledge_Update/STM32CubeIDE_1.19.0/STM32CubeIDE/plugins/com.st.stm32cube.ide.mcu.externaltools.gnu-tools-for-stm32.13.3.rel1.win32_1.0.0.202411081344/tools/bin/../lib/gcc/arm-none-eabi/13.3.1/thumb/v7e-m+fp/hard/crtn.o
                0x08000754                        . = ALIGN (0x4)
                0x08000754                        _etext = .

.vfp11_veneer   0x08000754        0x0
 .vfp11_veneer  0x08000754        0x0 linker stubs

.v4_bx          0x08000754        0x0
 .v4_bx         0x08000754        0x0 linker stubs

.iplt           0x08000754        0x0
 .iplt          0x08000754        0x0 F:/Knowledge_Update/STM32CubeIDE_1.19.0/STM32CubeIDE/plugins/com.st.stm32cube.ide.mcu.externaltools.gnu-tools-for-stm32.13.3.rel1.win32_1.0.0.202411081344/tools/bin/../lib/gcc/arm-none-eabi/13.3.1/thumb/v7e-m+fp/hard/crtbegin.o

.rodata         0x08000754        0x0
                0x08000754                        . = ALIGN (0x4)
 *(.rodata)
 *(.rodata*)
                0x08000754                        . = ALIGN (0x4)

.ARM.extab      0x08000754        0x0
                0x08000754                        . = ALIGN (0x4)
 *(.ARM.extab* .gnu.linkonce.armextab.*)
                0x08000754                        . = ALIGN (0x4)

.ARM            0x08000754        0x0
                0x08000754                        . = ALIGN (0x4)
                0x08000754                        __exidx_start = .
 *(.ARM.exidx*)
                0x08000754                        __exidx_end = .
                0x08000754                        . = ALIGN (0x4)

.preinit_array  0x08000754        0x0
                0x08000754                        . = ALIGN (0x4)
                0x08000754                        PROVIDE (__preinit_array_start = .)
 *(.preinit_array*)
                0x08000754                        PROVIDE (__preinit_array_end = .)
                0x08000754                        . = ALIGN (0x4)

.init_array     0x08000754        0x4
                0x08000754                        . = ALIGN (0x4)
                0x08000754                        PROVIDE (__init_array_start = .)
 *(SORT_BY_NAME(.init_array.*))
 *(.init_array*)
 .init_array    0x08000754        0x4 F:/Knowledge_Update/STM32CubeIDE_1.19.0/STM32CubeIDE/plugins/com.st.stm32cube.ide.mcu.externaltools.gnu-tools-for-stm32.13.3.rel1.win32_1.0.0.202411081344/tools/bin/../lib/gcc/arm-none-eabi/13.3.1/thumb/v7e-m+fp/hard/crtbegin.o
                0x08000758                        PROVIDE (__init_array_end = .)
                0x08000758                        . = ALIGN (0x4)

.fini_array     0x08000758        0x4
                0x08000758                        . = ALIGN (0x4)
                [!provide]                        PROVIDE (__fini_array_start = .)
 *(SORT_BY_NAME(.fini_array.*))
 *(.fini_array*)
 .fini_array    0x08000758        0x4 F:/Knowledge_Update/STM32CubeIDE_1.19.0/STM32CubeIDE/plugins/com.st.stm32cube.ide.mcu.externaltools.gnu-tools-for-stm32.13.3.rel1.win32_1.0.0.202411081344/tools/bin/../lib/gcc/arm-none-eabi/13.3.1/thumb/v7e-m+fp/hard/crtbegin.o
                [!provide]                        PROVIDE (__fini_array_end = .)
                0x0800075c                        . = ALIGN (0x4)
                0x0800075c                        _sidata = LOADADDR (.data)

.rel.dyn        0x0800075c        0x0
 .rel.iplt      0x0800075c        0x0 F:/Knowledge_Update/STM32CubeIDE_1.19.0/STM32CubeIDE/plugins/com.st.stm32cube.ide.mcu.externaltools.gnu-tools-for-stm32.13.3.rel1.win32_1.0.0.202411081344/tools/bin/../lib/gcc/arm-none-eabi/13.3.1/thumb/v7e-m+fp/hard/crtbegin.o

.data           0x20000000        0x0 load address 0x0800075c
                0x20000000                        . = ALIGN (0x4)
                0x20000000                        _sdata = .
 *(.data)
 *(.data*)
 *(.RamFunc)
 *(.RamFunc*)
                0x20000000                        . = ALIGN (0x4)
                0x20000000                        _edata = .

.igot.plt       0x20000000        0x0 load address 0x0800075c
 .igot.plt      0x20000000        0x0 F:/Knowledge_Update/STM32CubeIDE_1.19.0/STM32CubeIDE/plugins/com.st.stm32cube.ide.mcu.externaltools.gnu-tools-for-stm32.13.3.rel1.win32_1.0.0.202411081344/tools/bin/../lib/gcc/arm-none-eabi/13.3.1/thumb/v7e-m+fp/hard/crtbegin.o
                0x20000000                        . = ALIGN (0x4)

.bss            0x20000000      0x4f8 load address 0x0800075c
                0x20000000                        _sbss = .
                0x20000000                        __bss_start__ = _sbss
 *(.bss)
 .bss           0x20000000       0x1c F:/Knowledge_Update/STM32CubeIDE_1.19.0/STM32CubeIDE/plugins/com.st.stm32cube.ide.mcu.externaltools.gnu-tools-for-stm32.13.3.rel1.win32_1.0.0.202411081344/tools/bin/../lib/gcc/arm-none-eabi/13.3.1/thumb/v7e-m+fp/hard/crtbegin.o
 *(.bss*)
 .bss.Task0_Profiler
                0x2000001c        0x4 ./Src/main.o
                0x2000001c                Task0_Profiler
 .bss.Task1_Profiler
                0x20000020        0x4 ./Src/main.o
                0x20000020                Task1_Profiler
 .bss.Task2_Profiler
                0x20000024        0x4 ./Src/main.o
                0x20000024                Task2_Profiler
 .bss.MILI_PRESCALER
                0x20000028        0x4 ./Src/osKernel.o
                0x20000028                MILI_PRESCALER
 .bss.tcbs      0x2000002c       0x18 ./Src/osKernel.o
                0x2000002c                tcbs
 .bss.current_ptr
                0x20000044        0x4 ./Src/osKernel.o
                0x20000044                current_ptr
 .bss.TCB_STACK
                0x20000048      0x4b0 ./Src/osKernel.o
                0x20000048                TCB_STACK
 *(COMMON)
                0x200004f8                        . = ALIGN (0x4)
                0x200004f8                        _ebss = .
                0x200004f8                        __bss_end__ = _ebss

._user_heap_stack
                0x200004f8      0x600 load address 0x0800075c
                0x200004f8                        . = ALIGN (0x8)
                [!provide]                        PROVIDE (end = .)
                0x200004f8                        PROVIDE (_end = .)
                0x200006f8                        . = (. + _Min_Heap_Size)
 *fill*         0x200004f8      0x200 
                0x20000af8                        . = (. + _Min_Stack_Size)
 *fill*         0x200006f8      0x400 
                0x20000af8                        . = ALIGN (0x8)

/DISCARD/
 libc.a(*)
 libm.a(*)
 libgcc.a(*)

.ARM.attributes
                0x00000000       0x30
 *(.ARM.attributes)
 .ARM.attributes
                0x00000000       0x22 F:/Knowledge_Update/STM32CubeIDE_1.19.0/STM32CubeIDE/plugins/com.st.stm32cube.ide.mcu.externaltools.gnu-tools-for-stm32.13.3.rel1.win32_1.0.0.202411081344/tools/bin/../lib/gcc/arm-none-eabi/13.3.1/thumb/v7e-m+fp/hard/crti.o
 .ARM.attributes
                0x00000022       0x34 F:/Knowledge_Update/STM32CubeIDE_1.19.0/STM32CubeIDE/plugins/com.st.stm32cube.ide.mcu.externaltools.gnu-tools-for-stm32.13.3.rel1.win32_1.0.0.202411081344/tools/bin/../lib/gcc/arm-none-eabi/13.3.1/thumb/v7e-m+fp/hard/crtbegin.o
 .ARM.attributes
                0x00000056       0x34 ./Src/main.o
 .ARM.attributes
                0x0000008a       0x34 ./Src/osKernel.o
 .ARM.attributes
                0x000000be       0x34 ./Src/uart.o
 .ARM.attributes
                0x000000f2       0x21 ./Startup/startup_stm32f446retx.o
 .ARM.attributes
                0x00000113       0x34 F:/Knowledge_Update/STM32CubeIDE_1.19.0/STM32CubeIDE/plugins/com.st.stm32cube.ide.mcu.externaltools.gnu-tools-for-stm32.13.3.rel1.win32_1.0.0.202411081344/tools/bin/../lib/gcc/arm-none-eabi/13.3.1/../../../../arm-none-eabi/lib/thumb/v7e-m+fp/hard\libc_nano.a(libc_a-init.o)
 .ARM.attributes
                0x00000147       0x22 F:/Knowledge_Update/STM32CubeIDE_1.19.0/STM32CubeIDE/plugins/com.st.stm32cube.ide.mcu.externaltools.gnu-tools-for-stm32.13.3.rel1.win32_1.0.0.202411081344/tools/bin/../lib/gcc/arm-none-eabi/13.3.1/thumb/v7e-m+fp/hard/crtn.o
OUTPUT(Cooperative_Scheduler.elf elf32-littlearm)
LOAD linker stubs
LOAD F:/Knowledge_Update/STM32CubeIDE_1.19.0/STM32CubeIDE/plugins/com.st.stm32cube.ide.mcu.externaltools.gnu-tools-for-stm32.13.3.rel1.win32_1.0.0.202411081344/tools/bin/../lib/gcc/arm-none-eabi/13.3.1/../../../../arm-none-eabi/lib/thumb/v7e-m+fp/hard\libc.a
LOAD F:/Knowledge_Update/STM32CubeIDE_1.19.0/STM32CubeIDE/plugins/com.st.stm32cube.ide.mcu.externaltools.gnu-tools-for-stm32.13.3.rel1.win32_1.0.0.202411081344/tools/bin/../lib/gcc/arm-none-eabi/13.3.1/../../../../arm-none-eabi/lib/thumb/v7e-m+fp/hard\libm.a
LOAD F:/Knowledge_Update/STM32CubeIDE_1.19.0/STM32CubeIDE/plugins/com.st.stm32cube.ide.mcu.externaltools.gnu-tools-for-stm32.13.3.rel1.win32_1.0.0.202411081344/tools/bin/../lib/gcc/arm-none-eabi/13.3.1/thumb/v7e-m+fp/hard\libgcc.a

.debug_info     0x00000000      0xe1b
 .debug_info    0x00000000      0x1e6 ./Src/main.o
 .debug_info    0x000001e6      0x7d9 ./Src/osKernel.o
 .debug_info    0x000009bf      0x42c ./Src/uart.o
 .debug_info    0x00000deb       0x30 ./Startup/startup_stm32f446retx.o

.debug_abbrev   0x00000000      0x4c2
 .debug_abbrev  0x00000000      0x116 ./Src/main.o
 .debug_abbrev  0x00000116      0x246 ./Src/osKernel.o
 .debug_abbrev  0x0000035c      0x142 ./Src/uart.o
 .debug_abbrev  0x0000049e       0x24 ./Startup/startup_stm32f446retx.o

.debug_aranges  0x00000000      0x118
 .debug_aranges
                0x00000000       0x58 ./Src/main.o
 .debug_aranges
                0x00000058       0x58 ./Src/osKernel.o
 .debug_aranges
                0x000000b0       0x40 ./Src/uart.o
 .debug_aranges
                0x000000f0       0x28 ./Startup/startup_stm32f446retx.o

.debug_rnglists
                0x00000000       0xbf
 .debug_rnglists
                0x00000000       0x3d ./Src/main.o
 .debug_rnglists
                0x0000003d       0x3e ./Src/osKernel.o
 .debug_rnglists
                0x0000007b       0x2b ./Src/uart.o
 .debug_rnglists
                0x000000a6       0x19 ./Startup/startup_stm32f446retx.o

.debug_macro    0x00000000      0xfc9
 .debug_macro   0x00000000      0x1d9 ./Src/main.o
 .debug_macro   0x000001d9       0x61 ./Src/main.o
 .debug_macro   0x0000023a       0x2a ./Src/main.o
 .debug_macro   0x00000264       0x43 ./Src/main.o
 .debug_macro   0x000002a7       0x34 ./Src/main.o
 .debug_macro   0x000002db       0x16 ./Src/main.o
 .debug_macro   0x000002f1       0x9e ./Src/main.o
 .debug_macro   0x0000038f      0x370 ./Src/main.o
 .debug_macro   0x000006ff      0x112 ./Src/main.o
 .debug_macro   0x00000811       0x10 ./Src/main.o
 .debug_macro   0x00000821       0x16 ./Src/main.o
 .debug_macro   0x00000837       0x4a ./Src/main.o
 .debug_macro   0x00000881       0x34 ./Src/main.o
 .debug_macro   0x000008b5       0x10 ./Src/main.o
 .debug_macro   0x000008c5       0x58 ./Src/main.o
 .debug_macro   0x0000091d       0x8e ./Src/main.o
 .debug_macro   0x000009ab       0x1c ./Src/main.o
 .debug_macro   0x000009c7      0x185 ./Src/main.o
 .debug_macro   0x00000b4c       0x16 ./Src/main.o
 .debug_macro   0x00000b62       0x16 ./Src/main.o
 .debug_macro   0x00000b78      0x146 ./Src/main.o
 .debug_macro   0x00000cbe      0x11a ./Src/osKernel.o
 .debug_macro   0x00000dd8      0x1f1 ./Src/uart.o

.debug_line     0x00000000     0x1ab2
 .debug_line    0x00000000      0x952 ./Src/main.o
 .debug_line    0x00000952      0x796 ./Src/osKernel.o
 .debug_line    0x000010e8      0x94f ./Src/uart.o
 .debug_line    0x00001a37       0x7b ./Startup/startup_stm32f446retx.o

.debug_str      0x00000000    0x8f5de
 .debug_str     0x00000000    0x8f5de ./Src/main.o
                              0x8edd8 (size before relaxing)
 .debug_str     0x0008f5de    0x8b9c9 ./Src/osKernel.o
 .debug_str     0x0008f5de    0x8ef6b ./Src/uart.o
 .debug_str     0x0008f5de       0x94 ./Startup/startup_stm32f446retx.o

.comment        0x00000000       0x43
 .comment       0x00000000       0x43 ./Src/main.o
                                 0x44 (size before relaxing)
 .comment       0x00000043       0x44 ./Src/osKernel.o
 .comment       0x00000043       0x44 ./Src/uart.o

.debug_frame    0x00000000      0x2f0
 .debug_frame   0x00000000       0xe8 ./Src/main.o
 .debug_frame   0x000000e8      0x118 ./Src/osKernel.o
 .debug_frame   0x00000200       0xc4 ./Src/uart.o
 .debug_frame   0x000002c4       0x2c F:/Knowledge_Update/STM32CubeIDE_1.19.0/STM32CubeIDE/plugins/com.st.stm32cube.ide.mcu.externaltools.gnu-tools-for-stm32.13.3.rel1.win32_1.0.0.202411081344/tools/bin/../lib/gcc/arm-none-eabi/13.3.1/../../../../arm-none-eabi/lib/thumb/v7e-m+fp/hard\libc_nano.a(libc_a-init.o)

.debug_line_str
                0x00000000       0x78
 .debug_line_str
                0x00000000       0x78 ./Startup/startup_stm32f446retx.o
