Archive member included to satisfy reference by file (symbol)

F:/Knowledge_Update/STM32CubeIDE_1.19.0/STM32CubeIDE/plugins/com.st.stm32cube.ide.mcu.externaltools.gnu-tools-for-stm32.13.3.rel1.win32_1.0.0.202411081344/tools/bin/../lib/gcc/arm-none-eabi/13.3.1/../../../../arm-none-eabi/lib/thumb/v7e-m+fp/hard\libc_nano.a(libc_a-exit.o)
                              F:/Knowledge_Update/STM32CubeIDE_1.19.0/STM32CubeIDE/plugins/com.st.stm32cube.ide.mcu.externaltools.gnu-tools-for-stm32.13.3.rel1.win32_1.0.0.202411081344/tools/bin/../lib/gcc/arm-none-eabi/13.3.1/../../../../arm-none-eabi/lib/thumb/v7e-m+fp/hard/crt0.o (exit)
F:/Knowledge_Update/STM32CubeIDE_1.19.0/STM32CubeIDE/plugins/com.st.stm32cube.ide.mcu.externaltools.gnu-tools-for-stm32.13.3.rel1.win32_1.0.0.202411081344/tools/bin/../lib/gcc/arm-none-eabi/13.3.1/../../../../arm-none-eabi/lib/thumb/v7e-m+fp/hard\libc_nano.a(libc_a-findfp.o)
                              F:/Knowledge_Update/STM32CubeIDE_1.19.0/STM32CubeIDE/plugins/com.st.stm32cube.ide.mcu.externaltools.gnu-tools-for-stm32.13.3.rel1.win32_1.0.0.202411081344/tools/bin/../lib/gcc/arm-none-eabi/13.3.1/../../../../arm-none-eabi/lib/thumb/v7e-m+fp/hard\libc_nano.a(libc_a-exit.o) (__stdio_exit_handler)
F:/Knowledge_Update/STM32CubeIDE_1.19.0/STM32CubeIDE/plugins/com.st.stm32cube.ide.mcu.externaltools.gnu-tools-for-stm32.13.3.rel1.win32_1.0.0.202411081344/tools/bin/../lib/gcc/arm-none-eabi/13.3.1/../../../../arm-none-eabi/lib/thumb/v7e-m+fp/hard\libc_nano.a(libc_a-fwalk.o)
                              F:/Knowledge_Update/STM32CubeIDE_1.19.0/STM32CubeIDE/plugins/com.st.stm32cube.ide.mcu.externaltools.gnu-tools-for-stm32.13.3.rel1.win32_1.0.0.202411081344/tools/bin/../lib/gcc/arm-none-eabi/13.3.1/../../../../arm-none-eabi/lib/thumb/v7e-m+fp/hard\libc_nano.a(libc_a-findfp.o) (_fwalk_sglue)
F:/Knowledge_Update/STM32CubeIDE_1.19.0/STM32CubeIDE/plugins/com.st.stm32cube.ide.mcu.externaltools.gnu-tools-for-stm32.13.3.rel1.win32_1.0.0.202411081344/tools/bin/../lib/gcc/arm-none-eabi/13.3.1/../../../../arm-none-eabi/lib/thumb/v7e-m+fp/hard\libc_nano.a(libc_a-printf.o)
                              ./Src/main.o (printf)
F:/Knowledge_Update/STM32CubeIDE_1.19.0/STM32CubeIDE/plugins/com.st.stm32cube.ide.mcu.externaltools.gnu-tools-for-stm32.13.3.rel1.win32_1.0.0.202411081344/tools/bin/../lib/gcc/arm-none-eabi/13.3.1/../../../../arm-none-eabi/lib/thumb/v7e-m+fp/hard\libc_nano.a(libc_a-stdio.o)
                              F:/Knowledge_Update/STM32CubeIDE_1.19.0/STM32CubeIDE/plugins/com.st.stm32cube.ide.mcu.externaltools.gnu-tools-for-stm32.13.3.rel1.win32_1.0.0.202411081344/tools/bin/../lib/gcc/arm-none-eabi/13.3.1/../../../../arm-none-eabi/lib/thumb/v7e-m+fp/hard\libc_nano.a(libc_a-findfp.o) (__sread)
F:/Knowledge_Update/STM32CubeIDE_1.19.0/STM32CubeIDE/plugins/com.st.stm32cube.ide.mcu.externaltools.gnu-tools-for-stm32.13.3.rel1.win32_1.0.0.202411081344/tools/bin/../lib/gcc/arm-none-eabi/13.3.1/../../../../arm-none-eabi/lib/thumb/v7e-m+fp/hard\libc_nano.a(libc_a-memset.o)
                              F:/Knowledge_Update/STM32CubeIDE_1.19.0/STM32CubeIDE/plugins/com.st.stm32cube.ide.mcu.externaltools.gnu-tools-for-stm32.13.3.rel1.win32_1.0.0.202411081344/tools/bin/../lib/gcc/arm-none-eabi/13.3.1/../../../../arm-none-eabi/lib/thumb/v7e-m+fp/hard/crt0.o (memset)
F:/Knowledge_Update/STM32CubeIDE_1.19.0/STM32CubeIDE/plugins/com.st.stm32cube.ide.mcu.externaltools.gnu-tools-for-stm32.13.3.rel1.win32_1.0.0.202411081344/tools/bin/../lib/gcc/arm-none-eabi/13.3.1/../../../../arm-none-eabi/lib/thumb/v7e-m+fp/hard\libc_nano.a(libc_a-closer.o)
                              F:/Knowledge_Update/STM32CubeIDE_1.19.0/STM32CubeIDE/plugins/com.st.stm32cube.ide.mcu.externaltools.gnu-tools-for-stm32.13.3.rel1.win32_1.0.0.202411081344/tools/bin/../lib/gcc/arm-none-eabi/13.3.1/../../../../arm-none-eabi/lib/thumb/v7e-m+fp/hard\libc_nano.a(libc_a-stdio.o) (_close_r)
F:/Knowledge_Update/STM32CubeIDE_1.19.0/STM32CubeIDE/plugins/com.st.stm32cube.ide.mcu.externaltools.gnu-tools-for-stm32.13.3.rel1.win32_1.0.0.202411081344/tools/bin/../lib/gcc/arm-none-eabi/13.3.1/../../../../arm-none-eabi/lib/thumb/v7e-m+fp/hard\libc_nano.a(libc_a-reent.o)
                              F:/Knowledge_Update/STM32CubeIDE_1.19.0/STM32CubeIDE/plugins/com.st.stm32cube.ide.mcu.externaltools.gnu-tools-for-stm32.13.3.rel1.win32_1.0.0.202411081344/tools/bin/../lib/gcc/arm-none-eabi/13.3.1/../../../../arm-none-eabi/lib/thumb/v7e-m+fp/hard\libc_nano.a(libc_a-closer.o) (errno)
F:/Knowledge_Update/STM32CubeIDE_1.19.0/STM32CubeIDE/plugins/com.st.stm32cube.ide.mcu.externaltools.gnu-tools-for-stm32.13.3.rel1.win32_1.0.0.202411081344/tools/bin/../lib/gcc/arm-none-eabi/13.3.1/../../../../arm-none-eabi/lib/thumb/v7e-m+fp/hard\libc_nano.a(libc_a-impure.o)
[...]
Memory Configuration

Name             Origin             Length             Attributes
RAM              0x20000000         0x00020000         xrw
FLASH            0x08000000         0x00080000         xr
*default*        0x00000000         0xffffffff

Linker script and memory map

LOAD F:/Knowledge_Update/STM32CubeIDE_1.19.0/STM32CubeIDE/plugins/com.st.stm32cube.ide.mcu.externaltools.gnu-tools-for-stm32.13.3.rel1.win32_1.0.0.202411081344/tools/bin/../lib/gcc/arm-none-eabi/13.3.1/thumb/v7e-m+fp/hard/crti.o
LOAD F:/Knowledge_Update/STM32CubeIDE_1.19.0/STM32CubeIDE/plugins/com.st.stm32cube.ide.mcu.externaltools.gnu-tools-for-stm32.13.3.rel1.win32_1.0.0.202411081344/tools/bin/../lib/gcc/arm-none-eabi/13.3.1/thumb/v7e-m+fp/hard/crtbegin.o
LOAD F:/Knowledge_Update/STM32CubeIDE_1.19.0/STM32CubeIDE/plugins/com.st.stm32cube.ide.mcu.externaltools.gnu-tools-for-stm32.13.3.rel1.win32_1.0.0.202411081344/tools/bin/../lib/gcc/arm-none-eabi/13.3.1/../../../../arm-none-eabi/lib/thumb/v7e-m+fp/hard/crt0.o
LOAD ./Src/led.o
LOAD ./Src/main.o
LOAD ./Src/osKernel.o
LOAD ./Src/syscalls.o
LOAD ./Src/sysmem.o
LOAD ./Src/timebase.o
LOAD ./Src/uart.o
LOAD ./Startup/startup_stm32f446retx.o
START GROUP
LOAD F:/Knowledge_Update/STM32CubeIDE_1.19.0/STM32CubeIDE/plugins/com.st.stm32cube.ide.mcu.externaltools.gnu-tools-for-stm32.13.3.rel1.win32_1.0.0.202411081344/tools/bin/../lib/gcc/arm-none-eabi/13.3.1/../../../../arm-none-eabi/lib/thumb/v7e-m+fp/hard\libc_nano.a
LOAD F:/Knowledge_Update/STM32CubeIDE_1.19.0/STM32CubeIDE/plugins/com.st.stm32cube.ide.mcu.externaltools.gnu-tools-for-stm32.13.3.rel1.win32_1.0.0.202411081344/tools/bin/../lib/gcc/arm-none-eabi/13.3.1/../../../../arm-none-eabi/lib/thumb/v7e-m+fp/hard\libm.a
END GROUP
START GROUP
LOAD F:/Knowledge_Update/STM32CubeIDE_1.19.0/STM32CubeIDE/plugins/com.st.stm32cube.ide.mcu.externaltools.gnu-tools-for-stm32.13.3.rel1.win32_1.0.0.202411081344/tools/bin/../lib/gcc/arm-none-eabi/13.3.1/thumb/v7e-m+fp/hard\libgcc.a
LOAD F:/Knowledge_Update/STM32CubeIDE_1.19.0/STM32CubeIDE/plugins/com.st.stm32cube.ide.mcu.externaltools.gnu-tools-for-stm32.13.3.rel1.win32_1.0.0.202411081344/tools/bin/../lib/gcc/arm-none-eabi/13.3.1/../../../../arm-none-eabi/lib/thumb/v7e-m+fp/hard\libc_nano.a
END GROUP
START GROUP
LOAD F:/Knowledge_Update/STM32CubeIDE_1.19.0/STM32CubeIDE/plugins/com.st.stm32cube.ide.mcu.externaltools.gnu-tools-for-stm32.13.3.rel1.win32_1.0.0.202411081344/tools/bin/../lib/gcc/arm-none-eabi/13.3.1/thumb/v7e-m+fp/hard\libgcc.a
LOAD F:/Knowledge_Update/STM32CubeIDE_1.19.0/STM32CubeIDE/plugins/com.st.stm32cube.ide.mcu.externaltools.gnu-tools-for-stm32.13.3.rel1.win32_1.0.0.202411081344/tools/bin/../lib/gcc/arm-none-eabi/13.3.1/../../../../arm-none-eabi/lib/thumb/v7e-m+fp/hard\libc_nano.a
LOAD F:/Knowledge_Update/STM32CubeIDE_1.19.0/STM32CubeIDE/plugins/com.st.stm32cube.ide.mcu.externaltools.gnu-tools-for-stm32.13.3.rel1.win32_1.0.0.202411081344/tools/bin/../lib/gcc/arm-none-eabi/13.3.1/../../../../arm-none-eabi/lib/thumb/v7e-m+fp/hard\libnosys.a
END GROUP
START GROUP
LOAD F:/Knowledge_Update/STM32CubeIDE_1.19.0/STM32CubeIDE/plugins/com.st.stm32cube.ide.mcu.externaltools.gnu-tools-for-stm32.13.3.rel1.win32_1.0.0.202411081344/tools/bin/../lib/gcc/arm-none-eabi/13.3.1/thumb/v7e-m+fp/hard\libgcc.a
LOAD F:/Knowledge_Update/STM32CubeIDE_1.19.0/STM32CubeIDE/plugins/com.st.stm32cube.ide.mcu.externaltools.gnu-tools-for-stm32.13.3.rel1.win32_1.0.0.202411081344/tools/bin/../lib/gcc/arm-none-eabi/13.3.1/../../../../arm-none-eabi/lib/thumb/v7e-m+fp/hard\libc_nano.a
LOAD F:/Knowledge_Update/STM32CubeIDE_1.19.0/STM32CubeIDE/plugins/com.st.stm32cube.ide.mcu.externaltools.gnu-tools-for-stm32.13.3.rel1.win32_1.0.0.202411081344/tools/bin/../lib/gcc/arm-none-eabi/13.3.1/../../../../arm-none-eabi/lib/thumb/v7e-m+fp/hard\libnosys.a
END GROUP
LOAD F:/Knowledge_Update/STM32CubeIDE_1.19.0/STM32CubeIDE/plugins/com.st.stm32cube.ide.mcu.externaltools.gnu-tools-for-stm32.13.3.rel1.win32_1.0.0.202411081344/tools/bin/../lib/gcc/arm-none-eabi/13.3.1/thumb/v7e-m+fp/hard/crtend.o
LOAD F:/Knowledge_Update/STM32CubeIDE_1.19.0/STM32CubeIDE/plugins/com.st.stm32cube.ide.mcu.externaltools.gnu-tools-for-stm32.13.3.rel1.win32_1.0.0.202411081344/tools/bin/../lib/gcc/arm-none-eabi/13.3.1/thumb/v7e-m+fp/hard/crtn.o
                0x20020000                        _estack = (ORIGIN (RAM) + LENGTH (RAM))
                0x00000200                        _Min_Heap_Size = 0x200
                0x00000400                        _Min_Stack_Size = 0x400

.isr_vector     0x08000000      0x1c4
                0x08000000                        . = ALIGN (0x4)
 *(.isr_vector)
 .isr_vector    0x08000000      0x1c4 ./Startup/startup_stm32f446retx.o
                0x08000000                g_pfnVectors
                0x080001c4                        . = ALIGN (0x4)

.text           0x080001c4      0x5ec
                0x080001c4                        . = ALIGN (0x4)
 *(.text)
 .text          0x080001c4       0x40 F:/Knowledge_Update/STM32CubeIDE_1.19.0/STM32CubeIDE/plugins/com.st.stm32cube.ide.mcu.externaltools.gnu-tools-for-stm32.13.3.rel1.win32_1.0.0.202411081344/tools/bin/../lib/gcc/arm-none-eabi/13.3.1/thumb/v7e-m+fp/hard/crtbegin.o
 *(.text*)
 .text.task3    0x08000204       0x1c ./Src/main.o
                0x08000204                task3
 .text.task0    0x08000220       0x1c ./Src/main.o
                0x08000220                task0
 .text.task1    0x0800023c       0x14 ./Src/main.o
                0x0800023c                task1
 .text.task2    0x08000250       0x14 ./Src/main.o
                0x08000250                task2
 .text.main     0x08000264       0x30 ./Src/main.o
                0x08000264                main
 .text.__NVIC_SetPriority
                0x08000294       0x54 ./Src/osKernel.o
 .text.osKernelStackInit
                0x080002e8      0x1a0 ./Src/osKernel.o
                0x080002e8                osKernelStackInit
 .text.osKernelAddThreads
                0x08000488       0x74 ./Src/osKernel.o
                0x08000488                osKernelAddThreads
 .text.osKernelInit
                0x080004fc       0x1c ./Src/osKernel.o
                0x080004fc                osKernelInit
 .text.osSchedulerLaunch
                0x08000518       0x30 ./Src/osKernel.o
                0x08000518                osSchedulerLaunch
 .text.osKernelLaunch
                0x08000548       0x5c ./Src/osKernel.o
                0x08000548                osKernelLaunch
 .text.SysTick_Handler
                0x080005a4       0x2c ./Src/osKernel.o
                0x080005a4                SysTick_Handler
 .text.osThreadYeild
                0x080005d0       0x28 ./Src/osKernel.o
                0x080005d0                osThreadYeild
 .text.osScheduler
                0x080005f8       0x38 ./Src/osKernel.o
                0x080005f8                osScheduler
 .text.uart_tx_init
                0x08000630       0x7c ./Src/uart.o
                0x08000630                uart_tx_init
 .text.uart_set_baud_rate
                0x080006ac       0x28 ./Src/uart.o
 .text.uart_compute_BaudRate
                0x080006d4       0x26 ./Src/uart.o
 *fill*         0x080006fa        0x2 
 .text.Reset_Handler
                0x080006fc       0x50 ./Startup/startup_stm32f446retx.o
                0x080006fc                Reset_Handler
 .text.Default_Handler
                0x0800074c        0x2 ./Startup/startup_stm32f446retx.o
                0x0800074c                RTC_Alarm_IRQHandler
                0x0800074c                EXTI2_IRQHandler
                0x0800074c                TIM8_CC_IRQHandler
                0x0800074c                SPDIF_Rx_IRQHandler
                0x0800074c                DebugMon_Handler
                0x0800074c                SPI4_IRQHandler
                0x0800074c                TIM1_CC_IRQHandler
                0x0800074c                QuadSPI_IRQHandler
                0x0800074c                DMA2_Stream5_IRQHandler
                0x0800074c                HardFault_Handler
                0x0800074c                DMA1_Stream5_IRQHandler
                0x0800074c                PVD_IRQHandler
                0x0800074c                SDIO_IRQHandler
                0x0800074c                TAMP_STAMP_IRQHandler
                0x0800074c                PendSV_Handler
                0x0800074c                NMI_Handler
                0x0800074c                CAN2_RX1_IRQHandler
                0x0800074c                EXTI3_IRQHandler
                0x0800074c                TIM8_TRG_COM_TIM14_IRQHandler
                0x0800074c                TIM1_UP_TIM10_IRQHandler
                0x0800074c                FMPI2C1_error_IRQHandler
                0x0800074c                TIM8_UP_TIM13_IRQHandler
                0x0800074c                I2C3_ER_IRQHandler
                0x0800074c                EXTI0_IRQHandler
                0x0800074c                I2C2_EV_IRQHandler
                0x0800074c                DMA1_Stream2_IRQHandler
                0x0800074c                CAN1_RX0_IRQHandler
                0x0800074c                OTG_HS_WKUP_IRQHandler
                0x0800074c                UsageFault_Handler
                0x0800074c                CAN2_SCE_IRQHandler
                0x0800074c                DMA2_Stream2_IRQHandler
                0x0800074c                SPI1_IRQHandler
                0x0800074c                TIM6_DAC_IRQHandler
                0x0800074c                TIM1_BRK_TIM9_IRQHandler
                0x0800074c                DCMI_IRQHandler
                0x0800074c                CAN2_RX0_IRQHandler
                0x0800074c                DMA2_Stream3_IRQHandler
                0x0800074c                FMPI2C1_IRQHandler
                0x0800074c                SAI2_IRQHandler
                0x0800074c                USART6_IRQHandler
                0x0800074c                USART3_IRQHandler
                0x0800074c                CAN1_RX1_IRQHandler
                0x0800074c                UART5_IRQHandler
                0x0800074c                DMA2_Stream0_IRQHandler
                0x0800074c                TIM4_IRQHandler
                0x0800074c                I2C1_EV_IRQHandler
                0x0800074c                HDMI_CEC_IRQHandler
                0x0800074c                DMA1_Stream6_IRQHandler
                0x0800074c                DMA1_Stream1_IRQHandler
                0x0800074c                UART4_IRQHandler
                0x0800074c                TIM3_IRQHandler
                0x0800074c                RCC_IRQHandler
                0x0800074c                TIM8_BRK_TIM12_IRQHandler
                0x0800074c                Default_Handler
                0x0800074c                EXTI15_10_IRQHandler
                0x0800074c                ADC_IRQHandler
                0x0800074c                DMA1_Stream7_IRQHandler
                0x0800074c                TIM7_IRQHandler
                0x0800074c                CAN2_TX_IRQHandler
                0x0800074c                TIM5_IRQHandler
                0x0800074c                DMA2_Stream7_IRQHandler
                0x0800074c                I2C3_EV_IRQHandler
                0x0800074c                EXTI9_5_IRQHandler
                0x0800074c                RTC_WKUP_IRQHandler
                0x0800074c                SPI2_IRQHandler
                0x0800074c                OTG_HS_EP1_IN_IRQHandler
                0x0800074c                MemManage_Handler
                0x0800074c                DMA1_Stream0_IRQHandler
                0x0800074c                CAN1_TX_IRQHandler
                0x0800074c                SVC_Handler
                0x0800074c                EXTI4_IRQHandler
                0x0800074c                OTG_HS_EP1_OUT_IRQHandler
                0x0800074c                WWDG_IRQHandler
                0x0800074c                TIM2_IRQHandler
                0x0800074c                OTG_FS_WKUP_IRQHandler
                0x0800074c                TIM1_TRG_COM_TIM11_IRQHandler
                0x0800074c                OTG_HS_IRQHandler
                0x0800074c                EXTI1_IRQHandler
                0x0800074c                USART2_IRQHandler
                0x0800074c                I2C2_ER_IRQHandler
                0x0800074c                DMA2_Stream1_IRQHandler
                0x0800074c                CAN1_SCE_IRQHandler
                0x0800074c                FLASH_IRQHandler
                0x0800074c                DMA2_Stream4_IRQHandler
                0x0800074c                BusFault_Handler
                0x0800074c                USART1_IRQHandler
                0x0800074c                OTG_FS_IRQHandler
                0x0800074c                SPI3_IRQHandler
                0x0800074c                DMA1_Stream4_IRQHandler
                0x0800074c                I2C1_ER_IRQHandler
                0x0800074c                FMC_IRQHandler
                0x0800074c                DMA2_Stream6_IRQHandler
                0x0800074c                SAI1_IRQHandler
                0x0800074c                DMA1_Stream3_IRQHandler
 *fill*         0x0800074e        0x2 
 .text.__libc_init_array
                0x08000750       0x48 F:/Knowledge_Update/STM32CubeIDE_1.19.0/STM32CubeIDE/plugins/com.st.stm32cube.ide.mcu.externaltools.gnu-tools-for-stm32.13.3.rel1.win32_1.0.0.202411081344/tools/bin/../lib/gcc/arm-none-eabi/13.3.1/../../../../arm-none-eabi/lib/thumb/v7e-m+fp/hard\libc_nano.a(libc_a-init.o)
                0x08000750                __libc_init_array
 *(.glue_7)
 .glue_7        0x08000798        0x0 linker stubs
 *(.glue_7t)
 .glue_7t       0x08000798        0x0 linker stubs
 *(.eh_frame)
 .eh_frame      0x08000798        0x0 F:/Knowledge_Update/STM32CubeIDE_1.19.0/STM32CubeIDE/plugins/com.st.stm32cube.ide.mcu.externaltools.gnu-tools-for-stm32.13.3.rel1.win32_1.0.0.202411081344/tools/bin/../lib/gcc/arm-none-eabi/13.3.1/thumb/v7e-m+fp/hard/crtbegin.o
 *(.init)
 .init          0x08000798        0x4 F:/Knowledge_Update/STM32CubeIDE_1.19.0/STM32CubeIDE/plugins/com.st.stm32cube.ide.mcu.externaltools.gnu-tools-for-stm32.13.3.rel1.win32_1.0.0.202411081344/tools/bin/../lib/gcc/arm-none-eabi/13.3.1/thumb/v7e-m+fp/hard/crti.o
                0x08000798                _init
 .init          0x0800079c        0x8 F:/Knowledge_Update/STM32CubeIDE_1.19.0/STM32CubeIDE/plugins/com.st.stm32cube.ide.mcu.externaltools.gnu-tools-for-stm32.13.3.rel1.win32_1.0.0.202411081344/tools/bin/../lib/gcc/arm-none-eabi/13.3.1/thumb/v7e-m+fp/hard/crtn.o
 *(.fini)
 .fini          0x080007a4        0x4 F:/Knowledge_Update/STM32CubeIDE_1.19.0/STM32CubeIDE/plugins/com.st.stm32cube.ide.mcu.externaltools.gnu-tools-for-stm32.13.3.rel1.win32_1.0.0.202411081344/tools/bin/../lib/gcc/arm-none-eabi/13.3.1/thumb/v7e-m+fp/hard/crti.o
                0x080007a4                _fini
 .fini          0x080007a8        0x8 F:/Knowledge_Update/STM32CubeIDE_1.19.0/STM32CubeIDE/plugins/com.st.stm32cube.ide.mcu.externaltools.gnu-tools-for-stm32.13.3.rel1.win32_1.0.0.202411081344/tools/bin/../lib/gcc/arm-none-eabi/13.3.1/thumb/v7e-m+fp/hard/crtn.o
                0x080007b0                        . = ALIGN (0x4)
                0x080007b0                        _etext = .

.vfp11_veneer   0x080007b0        0x0
 .vfp11_veneer  0x080007b0        0x0 linker stubs

.v4_bx          0x080007b0        0x0
 .v4_bx         0x080007b0        0x0 linker stubs

.iplt           0x080007b0        0x0
 .iplt          0x080007b0        0x0 F:/Knowledge_Update/STM32CubeIDE_1.19.0/STM32CubeIDE/plugins/com.st.stm32cube.ide.mcu.externaltools.gnu-tools-for-stm32.13.3.rel1.win32_1.0.0.202411081344/tools/bin/../lib/gcc/arm-none-eabi/13.3.1/thumb/v7e-m+fp/hard/crtbegin.o

.rodata         0x080007b0        0x0
                0x080007b0                        . = ALIGN (0x4)
 *(.rodata)
 *(.rodata*)
                0x080007b0                        . = ALIGN (0x4)

.ARM.extab      0x080007b0        0x0
                0x080007b0                        . = ALIGN (0x4)
 *(.ARM.extab* .gnu.linkonce.armextab.*)
                0x080007b0                        . = ALIGN (0x4)

.ARM            0x080007b0        0x0
                0x080007b0                        . = ALIGN (0x4)
                0x080007b0                        __exidx_start = .
 *(.ARM.exidx*)
                0x080007b0                        __exidx_end = .
                0x080007b0                        . = ALIGN (0x4)

.preinit_array  0x080007b0        0x0
                0x080007b0                        . = ALIGN (0x4)
                0x080007b0                        PROVIDE (__preinit_array_start = .)
 *(.preinit_array*)
                0x080007b0                        PROVIDE (__preinit_array_end = .)
                0x080007b0                        . = ALIGN (0x4)

.init_array     0x080007b0        0x4
                0x080007b0                        . = ALIGN (0x4)
                0x080007b0                        PROVIDE (__init_array_start = .)
 *(SORT_BY_NAME(.init_array.*))
 *(.init_array*)
 .init_array    0x080007b0        0x4 F:/Knowledge_Update/STM32CubeIDE_1.19.0/STM32CubeIDE/plugins/com.st.stm32cube.ide.mcu.externaltools.gnu-tools-for-stm32.13.3.rel1.win32_1.0.0.202411081344/tools/bin/../lib/gcc/arm-none-eabi/13.3.1/thumb/v7e-m+fp/hard/crtbegin.o
                0x080007b4                        PROVIDE (__init_array_end = .)
                0x080007b4                        . = ALIGN (0x4)

.fini_array     0x080007b4        0x4
                0x080007b4                        . = ALIGN (0x4)
                [!provide]                        PROVIDE (__fini_array_start = .)
 *(SORT_BY_NAME(.fini_array.*))
 *(.fini_array*)
 .fini_array    0x080007b4        0x4 F:/Knowledge_Update/STM32CubeIDE_1.19.0/STM32CubeIDE/plugins/com.st.stm32cube.ide.mcu.externaltools.gnu-tools-for-stm32.13.3.rel1.win32_1.0.0.202411081344/tools/bin/../lib/gcc/arm-none-eabi/13.3.1/thumb/v7e-m+fp/hard/crtbegin.o
                [!provide]                        PROVIDE (__fini_array_end = .)
                0x080007b8                        . = ALIGN (0x4)
                0x080007b8                        _sidata = LOADADDR (.data)

.rel.dyn        0x080007b8        0x0
 .rel.iplt      0x080007b8        0x0 F:/Knowledge_Update/STM32CubeIDE_1.19.0/STM32CubeIDE/plugins/com.st.stm32cube.ide.mcu.externaltools.gnu-tools-for-stm32.13.3.rel1.win32_1.0.0.202411081344/tools/bin/../lib/gcc/arm-none-eabi/13.3.1/thumb/v7e-m+fp/hard/crtbegin.o

.data           0x20000000        0x0 load address 0x080007b8
                0x20000000                        . = ALIGN (0x4)
                0x20000000                        _sdata = .
 *(.data)
 *(.data*)
 *(.RamFunc)
 *(.RamFunc*)
                0x20000000                        . = ALIGN (0x4)
                0x20000000                        _edata = .

.igot.plt       0x20000000        0x0 load address 0x080007b8
 .igot.plt      0x20000000        0x0 F:/Knowledge_Update/STM32CubeIDE_1.19.0/STM32CubeIDE/plugins/com.st.stm32cube.ide.mcu.externaltools.gnu-tools-for-stm32.13.3.rel1.win32_1.0.0.202411081344/tools/bin/../lib/gcc/arm-none-eabi/13.3.1/thumb/v7e-m+fp/hard/crtbegin.o
                0x20000000                        . = ALIGN (0x4)

.bss            0x20000000      0x500 load address 0x080007b8
                0x20000000                        _sbss = .
                0x20000000                        __bss_start__ = _sbss
 *(.bss)
 .bss           0x20000000       0x1c F:/Knowledge_Update/STM32CubeIDE_1.19.0/STM32CubeIDE/plugins/com.st.stm32cube.ide.mcu.externaltools.gnu-tools-for-stm32.13.3.rel1.win32_1.0.0.202411081344/tools/bin/../lib/gcc/arm-none-eabi/13.3.1/thumb/v7e-m+fp/hard/crtbegin.o
 *(.bss*)
 .bss.Task0_Profiler
                0x2000001c        0x4 ./Src/main.o
                0x2000001c                Task0_Profiler
 .bss.Task1_Profiler
                0x20000020        0x4 ./Src/main.o
                0x20000020                Task1_Profiler
 .bss.Task2_Profiler
                0x20000024        0x4 ./Src/main.o
                0x20000024                Task2_Profiler
 .bss.periodicProfiler
                0x20000028        0x4 ./Src/main.o
                0x20000028                periodicProfiler
 .bss.MILI_PRESCALER
                0x2000002c        0x4 ./Src/osKernel.o
                0x2000002c                MILI_PRESCALER
 .bss.period_tick
                0x20000030        0x4 ./Src/osKernel.o
                0x20000030                period_tick
 .bss.tcbs      0x20000034       0x18 ./Src/osKernel.o
                0x20000034                tcbs
 .bss.current_ptr
                0x2000004c        0x4 ./Src/osKernel.o
                0x2000004c                current_ptr
 .bss.TCB_STACK
                0x20000050      0x4b0 ./Src/osKernel.o
                0x20000050                TCB_STACK
 *(COMMON)
                0x20000500                        . = ALIGN (0x4)
                0x20000500                        _ebss = .
                0x20000500                        __bss_end__ = _ebss

._user_heap_stack
                0x20000500      0x600 load address 0x080007b8
                0x20000500                        . = ALIGN (0x8)
                [!provide]                        PROVIDE (end = .)
                0x20000500                        PROVIDE (_end = .)
                0x20000700                        . = (. + _Min_Heap_Size)
 *fill*         0x20000500      0x200 
                0x20000b00                        . = (. + _Min_Stack_Size)
 *fill*         0x20000700      0x400 
                0x20000b00                        . = ALIGN (0x8)

/DISCARD/
 libc.a(*)
 libm.a(*)
 libgcc.a(*)

.ARM.attributes
                0x00000000       0x30
 *(.ARM.attributes)
 .ARM.attributes
                0x00000000       0x22 F:/Knowledge_Update/STM32CubeIDE_1.19.0/STM32CubeIDE/plugins/com.st.stm32cube.ide.mcu.externaltools.gnu-tools-for-stm32.13.3.rel1.win32_1.0.0.202411081344/tools/bin/../lib/gcc/arm-none-eabi/13.3.1/thumb/v7e-m+fp/hard/crti.o
 .ARM.attributes
                0x00000022       0x34 F:/Knowledge_Update/STM32CubeIDE_1.19.0/STM32CubeIDE/plugins/com.st.stm32cube.ide.mcu.externaltools.gnu-tools-for-stm32.13.3.rel1.win32_1.0.0.202411081344/tools/bin/../lib/gcc/arm-none-eabi/13.3.1/thumb/v7e-m+fp/hard/crtbegin.o
 .ARM.attributes
                0x00000056       0x34 ./Src/main.o
 .ARM.attributes
                0x0000008a       0x34 ./Src/osKernel.o
 .ARM.attributes
                0x000000be       0x34 ./Src/uart.o
 .ARM.attributes
                0x000000f2       0x21 ./Startup/startup_stm32f446retx.o
 .ARM.attributes
                0x00000113       0x34 F:/Knowledge_Update/STM32CubeIDE_1.19.0/STM32CubeIDE/plugins/com.st.stm32cube.ide.mcu.externaltools.gnu-tools-for-stm32.13.3.rel1.win32_1.0.0.202411081344/tools/bin/../lib/gcc/arm-none-eabi/13.3.1/../../../../arm-none-eabi/lib/thumb/v7e-m+fp/hard\libc_nano.a(libc_a-init.o)
 .ARM.attributes
                0x00000147       0x22 F:/Knowledge_Update/STM32CubeIDE_1.19.0/STM32CubeIDE/plugins/com.st.stm32cube.ide.mcu.externaltools.gnu-tools-for-stm32.13.3.rel1.win32_1.0.0.202411081344/tools/bin/../lib/gcc/arm-none-eabi/13.3.1/thumb/v7e-m+fp/hard/crtn.o
OUTPUT(Periodic_Scheduler_HW_Timer.elf elf32-littlearm)
LOAD linker stubs
LOAD F:/Knowledge_Update/STM32CubeIDE_1.19.0/STM32CubeIDE/plugins/com.st.stm32cube.ide.mcu.externaltools.gnu-tools-for-stm32.13.3.rel1.win32_1.0.0.202411081344/tools/bin/../lib/gcc/arm-none-eabi/13.3.1/../../../../arm-none-eabi/lib/thumb/v7e-m+fp/hard\libc.a
LOAD F:/Knowledge_Update/STM32CubeIDE_1.19.0/STM32CubeIDE/plugins/com.st.stm32cube.ide.mcu.externaltools.gnu-tools-for-stm32.13.3.rel1.win32_1.0.0.202411081344/tools/bin/../lib/gcc/arm-none-eabi/13.3.1/../../../../arm-none-eabi/lib/thumb/v7e-m+fp/hard\libm.a
LOAD F:/Knowledge_Update/STM32CubeIDE_1.19.0/STM32CubeIDE/plugins/com.st.stm32cube.ide.mcu.externaltools.gnu-tools-for-stm32.13.3.rel1.win32_1.0.0.202411081344/tools/bin/../lib/gcc/arm-none-eabi/13.3.1/thumb/v7e-m+fp/hard\libgcc.a

.debug_info     0x00000000     0x1217
 .debug_info    0x00000000      0x206 ./Src/main.o
 .debug_info    0x00000206      0xbb5 ./Src/osKernel.o
 .debug_info    0x00000dbb      0x42c ./Src/uart.o
 .debug_info    0x000011e7       0x30 ./Startup/startup_stm32f446retx.o

.debug_abbrev   0x00000000      0x4ea
 .debug_abbrev  0x00000000      0x116 ./Src/main.o
 .debug_abbrev  0x00000116      0x26e ./Src/osKernel.o
 .debug_abbrev  0x00000384      0x142 ./Src/uart.o
 .debug_abbrev  0x000004c6       0x24 ./Startup/startup_stm32f446retx.o

.debug_aranges  0x00000000      0x138
 .debug_aranges
                0x00000000       0x60 ./Src/main.o
 .debug_aranges
                0x00000060       0x70 ./Src/osKernel.o
 .debug_aranges
                0x000000d0       0x40 ./Src/uart.o
 .debug_aranges
                0x00000110       0x28 ./Startup/startup_stm32f446retx.o

.debug_rnglists
                0x00000000       0xd7
 .debug_rnglists
                0x00000000       0x43 ./Src/main.o
 .debug_rnglists
                0x00000043       0x50 ./Src/osKernel.o
 .debug_rnglists
                0x00000093       0x2b ./Src/uart.o
 .debug_rnglists
                0x000000be       0x19 ./Startup/startup_stm32f446retx.o

.debug_macro    0x00000000      0xfde
 .debug_macro   0x00000000      0x1d8 ./Src/main.o
 .debug_macro   0x000001d8       0x10 ./Src/main.o
 .debug_macro   0x000001e8       0x61 ./Src/main.o
 .debug_macro   0x00000249       0x2a ./Src/main.o
 .debug_macro   0x00000273       0x43 ./Src/main.o
 .debug_macro   0x000002b6       0x34 ./Src/main.o
 .debug_macro   0x000002ea       0x16 ./Src/main.o
 .debug_macro   0x00000300       0x9e ./Src/main.o
 .debug_macro   0x0000039e      0x370 ./Src/main.o
 .debug_macro   0x0000070e      0x112 ./Src/main.o
 .debug_macro   0x00000820       0x10 ./Src/main.o
 .debug_macro   0x00000830       0x16 ./Src/main.o
 .debug_macro   0x00000846       0x4a ./Src/main.o
 .debug_macro   0x00000890       0x34 ./Src/main.o
 .debug_macro   0x000008c4       0x10 ./Src/main.o
 .debug_macro   0x000008d4       0x58 ./Src/main.o
 .debug_macro   0x0000092c       0x8e ./Src/main.o
 .debug_macro   0x000009ba       0x1c ./Src/main.o
 .debug_macro   0x000009d6      0x185 ./Src/main.o
 .debug_macro   0x00000b5b       0x16 ./Src/main.o
 .debug_macro   0x00000b71       0x16 ./Src/main.o
 .debug_macro   0x00000b87      0x146 ./Src/main.o
 .debug_macro   0x00000ccd      0x120 ./Src/osKernel.o
 .debug_macro   0x00000ded      0x1f1 ./Src/uart.o

.debug_line     0x00000000     0x1b67
 .debug_line    0x00000000      0x96a ./Src/main.o
 .debug_line    0x0000096a      0x833 ./Src/osKernel.o
 .debug_line    0x0000119d      0x94f ./Src/uart.o
 .debug_line    0x00001aec       0x7b ./Startup/startup_stm32f446retx.o

.debug_str      0x00000000    0x8f66f
 .debug_str     0x00000000    0x8f66f ./Src/main.o
                              0x8ee00 (size before relaxing)
 .debug_str     0x0008f66f    0x8bb3f ./Src/osKernel.o
 .debug_str     0x0008f66f    0x8ef71 ./Src/uart.o
 .debug_str     0x0008f66f       0x9a ./Startup/startup_stm32f446retx.o

.comment        0x00000000       0x43
 .comment       0x00000000       0x43 ./Src/main.o
                                 0x44 (size before relaxing)
 .comment       0x00000043       0x44 ./Src/osKernel.o
 .comment       0x00000043       0x44 ./Src/uart.o

.debug_frame    0x00000000      0x370
 .debug_frame   0x00000000      0x108 ./Src/main.o
 .debug_frame   0x00000108      0x178 ./Src/osKernel.o
 .debug_frame   0x00000280       0xc4 ./Src/uart.o
 .debug_frame   0x00000344       0x2c F:/Knowledge_Update/STM32CubeIDE_1.19.0/STM32CubeIDE/plugins/com.st.stm32cube.ide.mcu.externaltools.gnu-tools-for-stm32.13.3.rel1.win32_1.0.0.202411081344/tools/bin/../lib/gcc/arm-none-eabi/13.3.1/../../../../arm-none-eabi/lib/thumb/v7e-m+fp/hard\libc_nano.a(libc_a-init.o)

.debug_line_str
                0x00000000       0x7e
 .debug_line_str
                0x00000000       0x7e ./Startup/startup_stm32f446retx.o
