15:47:18 **** Clean-only build of configuration Debug for project uart_driver ****
make -j8 clean 
rm -rf ./Startup/startup_stm32f446retx.d ./Startup/startup_stm32f446retx.o
rm -rf ./Src/led.cyclo ./Src/led.d ./Src/led.o ./Src/led.su ./Src/main.cyclo ./Src/main.d ./Src/main.o ./Src/main.su ./Src/syscalls.cyclo ./Src/syscalls.d ./Src/syscalls.o ./Src/syscalls.su ./Src/sysmem.cyclo ./Src/sysmem.d ./Src/sysmem.o ./Src/sysmem.su ./Src/uart.cyclo ./Src/uart.d ./Src/uart.o ./Src/uart.su
rm -rf default.size.stdout led_driver.elf led_driver.list led_driver.map
 
15:47:19 **** Build of configuration Debug for project uart_driver ****
make -j8 all 
arm-none-eabi-gcc -mcpu=cortex-m4 -g3 -DDEBUG -c -x assembler-with-cpp -MMD -MP -MF"Startup/startup_stm32f446retx.d" -MT"Startup/startup_stm32f446retx.o" --specs=nano.specs -mfpu=fpv4-sp-d16 -mfloat-abi=hard -mthumb -o "Startup/startup_stm32f446retx.o" "../Startup/startup_stm32f446retx.s"
arm-none-eabi-gcc "../Src/led.c" -mcpu=cortex-m4 -std=gnu11 -g3 -DDEBUG -DSTM32 -DSTM32F4 -DSTM32F446RETx -DNUCLEO_F446RE -DSTM32F446xx -c -I../Inc -I"F:/Knowledge_Update/workspace_1.19.0/RTOS_FirstPrinciple/led_driver/Driver/CMSIS/Device" -I"F:/Knowledge_Update/workspace_1.19.0/RTOS_FirstPrinciple/led_driver/Driver/CMSIS/Include" -I"F:/Knowledge_Update/workspace_1.19.0/RTOS_FirstPrinciple/led_driver/Driver/STM32F4xx_HAL_Driver" -I"F:/Knowledge_Update/workspace_1.19.0/RTOS_FirstPrinciple/led_driver/Driver/CMSIS/Device/ST/STM32F4xx/Include" -O0 -ffunction-sections -fdata-sections -Wall -fstack-usage -fcyclomatic-complexity -MMD -MP -MF"Src/led.d" -MT"Src/led.o" --specs=nano.specs -mfpu=fpv4-sp-d16 -mfloat-abi=hard -mthumb -o "Src/led.o"
arm-none-eabi-gcc "../Src/main.c" -mcpu=cortex-m4 -std=gnu11 -g3 -DDEBUG -DSTM32 -DSTM32F4 -DSTM32F446RETx -DNUCLEO_F446RE -DSTM32F446xx -c -I../Inc -I"F:/Knowledge_Update/workspace_1.19.0/RTOS_FirstPrinciple/led_driver/Driver/CMSIS/Device" -I"F:/Knowledge_Update/workspace_1.19.0/RTOS_FirstPrinciple/led_driver/Driver/CMSIS/Include" -I"F:/Knowledge_Update/workspace_1.19.0/RTOS_FirstPrinciple/led_driver/Driver/STM32F4xx_HAL_Driver" -I"F:/Knowledge_Update/workspace_1.19.0/RTOS_FirstPrinciple/led_driver/Driver/CMSIS/Device/ST/STM32F4xx/Include" -O0 -ffunction-sections -fdata-sections -Wall -fstack-usage -fcyclomatic-complexity -MMD -MP -MF"Src/main.d" -MT"Src/main.o" --specs=nano.specs -mfpu=fpv4-sp-d16 -mfloat-abi=hard -mthumb -o "Src/main.o"
arm-none-eabi-gcc "../Src/syscalls.c" -mcpu=cortex-m4 -std=gnu11 -g3 -DDEBUG -DSTM32 -DSTM32F4 -DSTM32F446RETx -DNUCLEO_F446RE -DSTM32F446xx -c -I../Inc -I"F:/Knowledge_Update/workspace_1.19.0/RTOS_FirstPrinciple/led_driver/Driver/CMSIS/Device" -I"F:/Knowledge_Update/workspace_1.19.0/RTOS_FirstPrinciple/led_driver/Driver/CMSIS/Include" -I"F:/Knowledge_Update/workspace_1.19.0/RTOS_FirstPrinciple/led_driver/Driver/STM32F4xx_HAL_Driver" -I"F:/Knowledge_Update/workspace_1.19.0/RTOS_FirstPrinciple/led_driver/Driver/CMSIS/Device/ST/STM32F4xx/Include" -O0 -ffunction-sections -fdata-sections -Wall -fstack-usage -fcyclomatic-complexity -MMD -MP -MF"Src/syscalls.d" -MT"Src/syscalls.o" --specs=nano.specs -mfpu=fpv4-sp-d16 -mfloat-abi=hard -mthumb -o "Src/syscalls.o"
arm-none-eabi-gcc "../Src/sysmem.c" -mcpu=cortex-m4 -std=gnu11 -g3 -DDEBUG -DSTM32 -DSTM32F4 -DSTM32F446RETx -DNUCLEO_F446RE -DSTM32F446xx -c -I../Inc -I"F:/Knowledge_Update/workspace_1.19.0/RTOS_FirstPrinciple/led_driver/Driver/CMSIS/Device" -I"F:/Knowledge_Update/workspace_1.19.0/RTOS_FirstPrinciple/led_driver/Driver/CMSIS/Include" -I"F:/Knowledge_Update/workspace_1.19.0/RTOS_FirstPrinciple/led_driver/Driver/STM32F4xx_HAL_Driver" -I"F:/Knowledge_Update/workspace_1.19.0/RTOS_FirstPrinciple/led_driver/Driver/CMSIS/Device/ST/STM32F4xx/Include" -O0 -ffunction-sections -fdata-sections -Wall -fstack-usage -fcyclomatic-complexity -MMD -MP -MF"Src/sysmem.d" -MT"Src/sysmem.o" --specs=nano.specs -mfpu=fpv4-sp-d16 -mfloat-abi=hard -mthumb -o "Src/sysmem.o"
arm-none-eabi-gcc "../Src/uart.c" -mcpu=cortex-m4 -std=gnu11 -g3 -DDEBUG -DSTM32 -DSTM32F4 -DSTM32F446RETx -DNUCLEO_F446RE -DSTM32F446xx -c -I../Inc -I"F:/Knowledge_Update/workspace_1.19.0/RTOS_FirstPrinciple/led_driver/Driver/CMSIS/Device" -I"F:/Knowledge_Update/workspace_1.19.0/RTOS_FirstPrinciple/led_driver/Driver/CMSIS/Include" -I"F:/Knowledge_Update/workspace_1.19.0/RTOS_FirstPrinciple/led_driver/Driver/STM32F4xx_HAL_Driver" -I"F:/Knowledge_Update/workspace_1.19.0/RTOS_FirstPrinciple/led_driver/Driver/CMSIS/Device/ST/STM32F4xx/Include" -O0 -ffunction-sections -fdata-sections -Wall -fstack-usage -fcyclomatic-complexity -MMD -MP -MF"Src/uart.d" -MT"Src/uart.o" --specs=nano.specs -mfpu=fpv4-sp-d16 -mfloat-abi=hard -mthumb -o "Src/uart.o"
arm-none-eabi-gcc -o "uart_driver.elf" @"objects.list"   -mcpu=cortex-m4 -T"F:\Knowledge_Update\workspace_1.19.0\RTOS_FirstPrinciple\uart_driver\STM32F446RETX_FLASH.ld" --specs=nosys.specs -Wl,-Map="uart_driver.map" -Wl,--gc-sections -static --specs=nano.specs -mfpu=fpv4-sp-d16 -mfloat-abi=hard -mthumb -Wl,--start-group -lc -lm -Wl,--end-group
Finished building target: uart_driver.elf
 
arm-none-eabi-size  uart_driver.elf 
arm-none-eabi-objdump -h -S uart_driver.elf  > "uart_driver.list"
   text	   data	    bss	    dec	    hex	filename
    892	      0	   1568	   2460	    99c	uart_driver.elf
Finished building: default.size.stdout
 
Finished building: uart_driver.list
 
