16:12:16 **** Incremental Build of configuration Debug for project led_driver ****
make -j8 all 
arm-none-eabi-gcc "../Src/led.c" -mcpu=cortex-m4 -std=gnu11 -g3 -DDEBUG -DSTM32 -DSTM32F4 -DSTM32F446RETx -DNUCLEO_F446RE -DSTM32F446xx -c -I../Inc -I"F:/Knowledge_Update/workspace_1.19.0/RTOS_FirstPrinciple/led_driver/Driver/CMSIS/Device" -I"F:/Knowledge_Update/workspace_1.19.0/RTOS_FirstPrinciple/led_driver/Driver/CMSIS/Include" -I"F:/Knowledge_Update/workspace_1.19.0/RTOS_FirstPrinciple/led_driver/Driver/STM32F4xx_HAL_Driver" -I"F:/Knowledge_Update/workspace_1.19.0/RTOS_FirstPrinciple/led_driver/Driver/CMSIS/Device/ST/STM32F4xx/Include" -O0 -ffunction-sections -fdata-sections -Wall -fstack-usage -fcyclomatic-complexity -MMD -MP -MF"Src/led.d" -MT"Src/led.o" --specs=nano.specs -mfpu=fpv4-sp-d16 -mfloat-abi=hard -mthumb -o "Src/led.o"
arm-none-eabi-gcc "../Src/main.c" -mcpu=cortex-m4 -std=gnu11 -g3 -DDEBUG -DSTM32 -DSTM32F4 -DSTM32F446RETx -DNUCLEO_F446RE -DSTM32F446xx -c -I../Inc -I"F:/Knowledge_Update/workspace_1.19.0/RTOS_FirstPrinciple/led_driver/Driver/CMSIS/Device" -I"F:/Knowledge_Update/workspace_1.19.0/RTOS_FirstPrinciple/led_driver/Driver/CMSIS/Include" -I"F:/Knowledge_Update/workspace_1.19.0/RTOS_FirstPrinciple/led_driver/Driver/STM32F4xx_HAL_Driver" -I"F:/Knowledge_Update/workspace_1.19.0/RTOS_FirstPrinciple/led_driver/Driver/CMSIS/Device/ST/STM32F4xx/Include" -O0 -ffunction-sections -fdata-sections -Wall -fstack-usage -fcyclomatic-complexity -MMD -MP -MF"Src/main.d" -MT"Src/main.o" --specs=nano.specs -mfpu=fpv4-sp-d16 -mfloat-abi=hard -mthumb -o "Src/main.o"
arm-none-eabi-gcc "../Src/syscalls.c" -mcpu=cortex-m4 -std=gnu11 -g3 -DDEBUG -DSTM32 -DSTM32F4 -DSTM32F446RETx -DNUCLEO_F446RE -DSTM32F446xx -c -I../Inc -I"F:/Knowledge_Update/workspace_1.19.0/RTOS_FirstPrinciple/led_driver/Driver/CMSIS/Device" -I"F:/Knowledge_Update/workspace_1.19.0/RTOS_FirstPrinciple/led_driver/Driver/CMSIS/Include" -I"F:/Knowledge_Update/workspace_1.19.0/RTOS_FirstPrinciple/led_driver/Driver/STM32F4xx_HAL_Driver" -I"F:/Knowledge_Update/workspace_1.19.0/RTOS_FirstPrinciple/led_driver/Driver/CMSIS/Device/ST/STM32F4xx/Include" -O0 -ffunction-sections -fdata-sections -Wall -fstack-usage -fcyclomatic-complexity -MMD -MP -MF"Src/syscalls.d" -MT"Src/syscalls.o" --specs=nano.specs -mfpu=fpv4-sp-d16 -mfloat-abi=hard -mthumb -o "Src/syscalls.o"
arm-none-eabi-gcc "../Src/sysmem.c" -mcpu=cortex-m4 -std=gnu11 -g3 -DDEBUG -DSTM32 -DSTM32F4 -DSTM32F446RETx -DNUCLEO_F446RE -DSTM32F446xx -c -I../Inc -I"F:/Knowledge_Update/workspace_1.19.0/RTOS_FirstPrinciple/led_driver/Driver/CMSIS/Device" -I"F:/Knowledge_Update/workspace_1.19.0/RTOS_FirstPrinciple/led_driver/Driver/CMSIS/Include" -I"F:/Knowledge_Update/workspace_1.19.0/RTOS_FirstPrinciple/led_driver/Driver/STM32F4xx_HAL_Driver" -I"F:/Knowledge_Update/workspace_1.19.0/RTOS_FirstPrinciple/led_driver/Driver/CMSIS/Device/ST/STM32F4xx/Include" -O0 -ffunction-sections -fdata-sections -Wall -fstack-usage -fcyclomatic-complexity -MMD -MP -MF"Src/sysmem.d" -MT"Src/sysmem.o" --specs=nano.specs -mfpu=fpv4-sp-d16 -mfloat-abi=hard -mthumb -o "Src/sysmem.o"
arm-none-eabi-gcc "../Src/uart.c" -mcpu=cortex-m4 -std=gnu11 -g3 -DDEBUG -DSTM32 -DSTM32F4 -DSTM32F446RETx -DNUCLEO_F446RE -DSTM32F446xx -c -I../Inc -I"F:/Knowledge_Update/workspace_1.19.0/RTOS_FirstPrinciple/led_driver/Driver/CMSIS/Device" -I"F:/Knowledge_Update/workspace_1.19.0/RTOS_FirstPrinciple/led_driver/Driver/CMSIS/Include" -I"F:/Knowledge_Update/workspace_1.19.0/RTOS_FirstPrinciple/led_driver/Driver/STM32F4xx_HAL_Driver" -I"F:/Knowledge_Update/workspace_1.19.0/RTOS_FirstPrinciple/led_driver/Driver/CMSIS/Device/ST/STM32F4xx/Include" -O0 -ffunction-sections -fdata-sections -Wall -fstack-usage -fcyclomatic-complexity -MMD -MP -MF"Src/uart.d" -MT"Src/uart.o" --specs=nano.specs -mfpu=fpv4-sp-d16 -mfloat-abi=hard -mthumb -o "Src/uart.o"
arm-none-eabi-gcc -o "led_driver.elf" @"objects.list"   -mcpu=cortex-m4 -T"F:\Knowledge_Update\workspace_1.19.0\RTOS_FirstPrinciple\led_driver\STM32F446RETX_FLASH.ld" --specs=nosys.specs -Wl,-Map="led_driver.map" -Wl,--gc-sections -static --specs=nano.specs -mfpu=fpv4-sp-d16 -mfloat-abi=hard -mthumb -Wl,--start-group -lc -lm -Wl,--end-group
Finished building target: led_driver.elf
 
arm-none-eabi-size  led_driver.elf 
arm-none-eabi-objdump -h -S led_driver.elf  > "led_driver.list"
   text	   data	    bss	    dec	    hex	filename
    892	      0	   1568	   2460	    99c	led_driver.elf
Finished building: default.size.stdout
 
Finished building: led_driver.list
 

16:12:18 Build Finished. 0 errors, 0 warnings. (took 1s.571ms)

